
[1m[46m RUN [49m[22m [36mv4.1.0 [39m[90mC:/Users/shkzu/.gemini/antigravity/scratch/regulatory-response[39m

 [32mΓ£ô[39m tests/server/copilot/schemas.test.ts[2m > [22mrequestInterpretationSchema[2m > [22mparses a structured interpretation for a supported request[32m 16[2mms[22m[39m
 [32mΓ£ô[39m tests/server/copilot/schemas.test.ts[2m > [22mevidenceDocumentSchema[2m > [22mcaptures repo-grounded evidence metadata[32m 8[2mms[22m[39m
 [31m├ù[39m tests/server/copilot/schemas.test.ts[2m > [22mcopilotResultSchema[2m > [22mrequires explicit uncertainty buckets in the result[32m 21[2mms[22m[39m
[31m   ΓåÆ [
  {
    "expected": "array",
    "code": "invalid_type",
    "path": [
      "responsePlan",
      "responsibilities"
    ],
    "message": "Invalid input: expected array, received undefined"
  }
][39m
[90mstdout[2m | tests/server/llm/openai.test.ts[2m > [22m[2mgenerateStructuredObject[2m > [22m[2mlogs safe failure metadata when the MGA request fails
[22m[39m{
  baseUrlHost: [32m'chat.int.bayer.com'[39m,
  hasToken: [33mtrue[39m,
  maxTokens: [33m64000[39m,
  model: [32m'gpt-5'[39m,
  runId: [32m'run-err'[39m,
  stage: [32m'generate-plan'[39m,
  systemPromptLength: [33m17[39m,
  userPromptLength: [33m20[39m,
  event: [32m'mga.request.started'[39m,
  timestamp: [32m'2026-03-21T18:03:23.553Z'[39m
}

 [32mΓ£ô[39m tests/server/knowledge/parse-define-xml.test.ts[2m > [22mparseDefineXml[2m > [22mextracts the targeted ADaM datasets used by the MVP[33m 1044[2mms[22m[39m
 [31m├ù[39m tests/server/llm/openai.test.ts[2m > [22mgenerateStructuredObject[2m > [22mreturns null and logs metadata when MGA_TOKEN is not configured[33m 953[2mms[22m[39m
[31m   ΓåÆ expected "info" to be called with arguments: [ ObjectContaining{ΓÇª} ][90m

Received:

[1m  1st info call:

[22m[2m  [[22m
[32m-   ObjectContaining {[90m
[31m+   {[90m
[2m      "baseUrlHost": "chat.int.bayer.com",[22m
[2m      "event": "mga.request.skipped",[22m
[2m      "hasToken": false,[22m
[32m-     "maxTokens": 100000,[90m
[31m+     "maxTokens": 64000,[90m
[2m      "model": "gpt-5",[22m
[31m+     "runId": undefined,[90m
[31m+     "stage": undefined,[90m
[2m      "systemPromptLength": 17,[22m
[31m+     "timestamp": "2026-03-21T18:03:23.464Z",[90m
[2m      "userPromptLength": 20,[22m
[2m    },[22m
[2m  ][22m
[31m[90m

Number of calls: [1m1[22m
[31m[39m
 [31m├ù[39m tests/server/llm/openai.test.ts[2m > [22mgenerateStructuredObject[2m > [22muses the Bayer v2 base URL and GPT-5 by default and logs start plus success metadata[32m 32[2mms[22m[39m
[31m   ΓåÆ expected "vi.fn()" to be called with arguments: [ ObjectContaining{ΓÇª} ][90m

Received:

[1m  1st vi.fn() call:

[22m[33m@@ -1,8 +1,20 @@[90m
[2m  [[22m
[32m-   ObjectContaining {[90m
[32m-     "max_tokens": 100000,[90m
[31m+   {[90m
[31m+     "max_tokens": 64000,[90m
[31m+     "messages": [[90m
[31m+       {[90m
[31m+         "content": "Return JSON only.",[90m
[31m+         "role": "system",[90m
[31m+       },[90m
[31m+       {[90m
[31m+         "content": "Return {\"ok\": true}.[90m
[31m+[90m
[31m+ Return JSON only.",[90m
[31m+         "role": "user",[90m
[31m+       },[90m
[31m+     ],[90m
[2m      "model": "gpt-5",[22m
[2m      "response_format": {[22m
[2m        "type": "json_object",[22m
[2m      },[22m
[2m    },[22m
[31m[90m

Number of calls: [1m1[22m
[31m[39m
 [32mΓ£ô[39m tests/server/llm/openai.test.ts[2m > [22mgenerateStructuredObject[2m > [22mlogs safe failure metadata when the MGA request fails[32m 34[2mms[22m[39m
 [32mΓ£ô[39m tests/server/knowledge/parse-define-xml.test.ts[2m > [22mparseDefineXml[2m > [22mcaptures dataset descriptions, leaf references, and representative variables[33m 1172[2mms[22m[39m
 [32mΓ£ô[39m tests/server/knowledge/build-corpus.test.ts[2m > [22mbuildCorpus[2m > [22mcombines the README, define.xml, and SAS examples into a deterministic corpus[33m 1492[2mms[22m[39m
 [32mΓ£ô[39m tests/server/knowledge/build-corpus.test.ts[2m > [22mbuildCorpus[2m > [22muses a stable generatedAt value when the inputs do not change[33m 2023[2mms[22m[39m
 [31m├ù[39m tests/server/copilot/run-copilot.test.ts[2m > [22mrunCopilot[2m > [22mreturns a grounded internal response plan for supported requests[33m 5020[2mms[22m[39m
[31m   ΓåÆ Test timed out in 5000ms.
If this is a long-running test, pass a timeout value as the last argument or configure it globally with "testTimeout".[39m
 [31m├ù[39m tests/server/copilot/logging.test.ts[2m > [22mcopilot logging[2m > [22mthrows when MGA_TOKEN is missing instead of falling back[33m 5013[2mms[22m[39m
[31m   ΓåÆ Test timed out in 5000ms.
If this is a long-running test, pass a timeout value as the last argument or configure it globally with "testTimeout".[39m
 [32mΓ£ô[39m tests/server/knowledge/parse-sas-programs.test.ts[2m > [22mparseSasPrograms[2m > [22mextracts all example programs into typed records[32m 82[2mms[22m[39m
 [32mΓ£ô[39m tests/server/knowledge/parse-sas-programs.test.ts[2m > [22mparseSasPrograms[2m > [22mtags the major evidence families used in the MVP[32m 137[2mms[22m[39m
 [31m├ù[39m tests/server/copilot/run-copilot.test.ts[2m > [22mrunCopilot[2m > [22mthrows when MGA is unavailable instead of falling back[33m 6689[2mms[22m[39m
[31m   ΓåÆ Test timed out in 5000ms.
If this is a long-running test, pass a timeout value as the last argument or configure it globally with "testTimeout".[39m
 [31m├ù[39m tests/server/copilot/logging.test.ts[2m > [22mcopilot logging[2m > [22mpropagates MGA errors from generatePlan without falling back[33m 6775[2mms[22m[39m
[31m   ΓåÆ Test timed out in 5000ms.
If this is a long-running test, pass a timeout value as the last argument or configure it globally with "testTimeout".[39m
 [32mΓ£ô[39m tests/components/copilot-header-and-form.test.tsx[2m > [22mheader[2m > [22mrenders the Bayer logo[32m 198[2mms[22m[39m
 [32mΓ£ô[39m tests/components/copilot-header-and-form.test.tsx[2m > [22mheader[2m > [22mrenders the product title[32m 27[2mms[22m[39m
 [32mΓ£ô[39m tests/components/copilot-header-and-form.test.tsx[2m > [22mheader[2m > [22mrenders all trust strip items[32m 12[2mms[22m[39m
 [32mΓ£ô[39m tests/server/vector-search.test.ts[2m > [22mcosineSimilarity[2m > [22mreturns 1 for identical vectors[32m 5[2mms[22m[39m
 [32mΓ£ô[39m tests/server/vector-search.test.ts[2m > [22mcosineSimilarity[2m > [22mreturns 0 for orthogonal vectors[32m 1[2mms[22m[39m
 [32mΓ£ô[39m tests/server/vector-search.test.ts[2m > [22mcosineSimilarity[2m > [22mreturns -1 for opposite vectors[32m 0[2mms[22m[39m
 [32mΓ£ô[39m tests/server/vector-search.test.ts[2m > [22mcosineSimilarity[2m > [22mreturns 0 for empty vectors[32m 1[2mms[22m[39m
 [32mΓ£ô[39m tests/server/vector-search.test.ts[2m > [22mcosineSimilarity[2m > [22mreturns 0 for zero vectors[32m 0[2mms[22m[39m
 [32mΓ£ô[39m tests/server/vector-search.test.ts[2m > [22mcosineSimilarity[2m > [22mreturns 0 for mismatched lengths[32m 0[2mms[22m[39m
 [32mΓ£ô[39m tests/server/vector-search.test.ts[2m > [22mcosineSimilarity[2m > [22mcomputes correct similarity for arbitrary vectors[32m 1[2mms[22m[39m
 [32mΓ£ô[39m tests/server/vector-search.test.ts[2m > [22mvectorSearch[2m > [22mreturns documents sorted by similarity descending[32m 3[2mms[22m[39m
 [32mΓ£ô[39m tests/server/vector-search.test.ts[2m > [22mvectorSearch[2m > [22mskips documents with null embeddings[32m 3[2mms[22m[39m
 [32mΓ£ô[39m tests/server/vector-search.test.ts[2m > [22mvectorSearch[2m > [22mreturns empty array when all embeddings are null[32m 1[2mms[22m[39m
 [31m├ù[39m tests/components/copilot-header-and-form.test.tsx[2m > [22mquestion form[2m > [22mrenders the scope-boundary copy[32m 97[2mms[22m[39m
[31m   ΓåÆ Unable to find an element with the text: /produces a traceable starter plan - not final authority-facing text/. This could be because the text is broken up by multiple elements. In this case, you can provide a function for your text matcher to make your matcher more flexible.

Ignored nodes: comments, script, style
[36m<body>[31m
  [36m<div>[31m
    [36m<form[31m
      [33mclass[31m=[32m"intake-shell"[31m
    [36m>[31m
      [36m<input[31m
        [33mname[31m=[32m"maxTokens"[31m
        [33mtype[31m=[32m"hidden"[31m
        [33mvalue[31m=[32m"64000"[31m
      [36m/>[31m
      [36m<input[31m
        [33mname[31m=[32m"temperature"[31m
        [33mtype[31m=[32m"hidden"[31m
        [33mvalue[31m=[32m"0.7"[31m
      [36m/>[31m
      [36m<input[31m
        [33mname[31m=[32m"mgaToken"[31m
        [33mtype[31m=[32m"hidden"[31m
        [33mvalue[31m=[32m""[31m
      [36m/>[31m
      [36m<input[31m
        [33maccept[31m=[32m".pdf,image/png,image/jpeg,image/webp"[31m
        [33mclass[31m=[32m"hidden"[31m
        [33mtype[31m=[32m"file"[31m
      [36m/>[31m
      [36m<div[31m
        [33mclass[31m=[32m"flex items-start gap-3 rounded-xl border border-amber-200 bg-amber-50 px-5 py-4 shadow-sm"[31m
      [36m>[31m
        [36m<svg[31m
          [33maria-hidden[31m=[32m"true"[31m
          [33mclass[31m=[32m"mt-0.5 h-5 w-5 shrink-0 text-amber-500"[31m
          [33mfill[31m=[32m"currentColor"[31m
          [33mviewBox[31m=[32m"0 0 20 20"[31m
        [36m>[31m
          [36m<path[31m
            [33mclip-rule[31m=[32m"evenodd"[31m
            [33md[31m=[32m"M8.485 2.495c.673-1.167 2.357-1.167 3.03 0l6.28 10.875c.673 1.167-.168 2.625-1.516 2.625H3.72c-1.347 0-2.189-1.458-1.515-2.625L8.485 2.495zM10 6a.75.75 0 01.75.75v3.5a.75.75 0 01-1.5 0v-3.5A.75.75 0 0110 6zm0 9a1 1 0 100-2 1 1 0 000 2z"[31m
            [33mfill-rule[31m=[32m"evenodd"[31m
          [36m/>[31m
        [36m</svg>[31m
        [36m<div>[31m
          [36m<p[31m
            [33mclass[31m=[32m"text-sm font-semibold text-amber-800"[31m
          [36m>[31m
            [0mMGA Token not configured[0m
          [36m</p>[31m
          [36m<p[31m
            [33mclass[31m=[32m"mt-0.5 text-sm text-amber-700"[31m
          [36m>[31m
            [0mThe copilot requires a myGenAssist token to call the AI API. Open[0m
            [0m [0m
            [36m<button[31m
              [33mclass[31m=[32m"font-semibold underline underline-offset-2 hover:text-amber-900"[31m
              [33mtype[31m=[32m"button"[31m
            [36m>[31m
              [0mSettings[0m
            [36m</button>[31m
            [0m [0m
            [0mand paste your token to get started.[0m
          [36m</p>[31m
        [36m</div>[31m
      [36m</div>[31m
      [36m<div[31m
        [33mclass[31m=[32m"grid gap-8 xl:grid-cols-2"[31m
      [36m>[31m
        [36m<div[31m
          [33mclass[31m=[32m"space-y-5"[31m
        [36m>[31m
          [36m<div[31m
            [33mclass[31m=[32m"relative"[31m
          [36m>[31m
            [36m<textarea[31m
              [33mclass[31m=[32m"focus-ring min-h-48 w-full resize-y rounded-xl border bg-white px-5 py-4 text-[0.9375rem] leading-relaxed text-foreground shadow-[0_1px_3px_rgba(16,56,79,0.04),0_4px_16px_-6px_rgba(16,56,79,0.06)] outline-none transition-all placeholder:text-muted-foreground/50 focus:border-[#00BCFF]/50 focus:shadow-[0_0_0_3px_rgba(0,188,255,0.08),0_1px_3px_rgba(16,56,79,0.04)] border-border/70"[31m
              [33mname[31m=[32m"question"[31m
              [33mplaceholder[31m=[32m"Type or paste questions here - you can also paste a screenshot, or drag & drop a PDF / imageΓÇª"[31m
            [36m/>[31m
            [36m<div[31m
              [33mclass[31m=[32m"pointer-events-none absolute bottom-3 left-0 right-0 flex justify-center"[31m
            [36m>[31m
              [36m<button[31m
                [33mclass[31m=[32m"pointer-events-auto flex items-center gap-1.5 rounded-full border border-border/50 bg-white/90 px-3 py-1.5 text-[0.75rem] font-medium text-muted-foreground shadow-sm transition-all hover:border-[#00BCFF]/40 hover:text-foreground"[31m
                [33mtype[31m=[32m"button"[31m
              [36m>[31m
                [36m<svg[31m
                  [33mclass[31m=[32m"h-3.5 w-3.5"[31m
                  [33mfill[31m=[32m"none"[31m
                  [33mstroke[31m=[32m"currentColor"[31m
                  [33mstroke-linecap[31m=[32m"round"[31m
                  [33mstroke-linejoin[31m=[32m"round"[31m
                  [33mstroke-width[31m=[32m"1.5"[31m
                  [33mviewBox[31m=[32m"0 0 16 16"[31m
                [36m>[31m
                  [36m<path[31m
                    [33md[31m=[32m"M8 10V2M8 2L5 5M8 2l3 3"[31m
                  [36m/>[31m
                  [36m<path[31m
                    [33md[31m=[32m"M2 10v2.5A1.5 1.5 0 003.5 14h9a1.5 1.5 0 001.5-1.5V10"[31m
                  [36m/>[31m
                [36m</svg>[31m
                [0mor browse for a PDF / image[0m
              [36m</button>[31m
            [36m</div>[31m
          [36m</div>[31m
          [36m<div[31m
            [33mclass[31m=[32m"flex flex-wrap items-center gap-3"[31m
          [36m>[31m
            [36m<button[31m
              [33mclass[31m=[32m"focus-ring group relative isolate h-13 w-[12rem] cursor-pointer overflow-hidden whitespace-nowrap rounded-xl px-9 text-base font-bold text-white transition-all duration-500 ease-in-out active:translate-y-[0.5px] focus-visible:outline-2 focus-visible:outline-offset-2 bg-[#10384F] shadow-[0_2px_8px_rgba(16,56,79,0.3)] hover:shadow-[0_4px_16px_rgba(16,56,79,0.35)] hover:translate-y-[-1px] focus-visible:outline-[#00BCFF]"[31m
              [33mtype[31m=[32m"submit"[31m
            [36m>[31m
              [36m<div[31m
                [33mclass[31m=[32m"absolute inset-0 overflow-visible -z-30 blur-[2px] [container-type:size] transition-opacity duration-500 opacity-100"[31m
              [36m>[31m
                [36m<div[31m
                  [33mclass[31m=[32m"animate-shimmer-slide absolute inset-0 h-[100cqh] [aspect-ratio:1] [border-radius:0] [mask:none]"[31m
                [36m>[31m
                  [36m<div[31m
                    [33mclass[31m=[32m"animate-spin-around absolute -inset-full w-auto rotate-0 [background:conic-gradient(from_calc(270deg-(90deg*0.5)),transparent_0,#00BCFF_90deg,transparent_90deg)] [translate:0_0]"[31m
                  [36m/>[31m
                [36m</div>[31m
              [36m</div>[31m
              [36m<div[31m
                [33mclass[31m=[32m"pointer-events-none absolute inset-0 rounded-xl shadow-[inset_0_-8px_10px_#ffffff1f] transition-opacity duration-500 opacity-100"[31m
              [36m/>[31m
              [36m<div[31m
                [33mclass[31m=[32m"pointer-events-none absolute -z-20 rounded-[0.75rem] [inset:0.05em] transition-colors duration-500 bg-[#10384F]"[31m
              [36m/>[31m
              [36m<span[31m
                [33mclass[31m=[32m"relative flex items-...[39m
 [31m├ù[39m tests/components/copilot-header-and-form.test.tsx[2m > [22mquestion form[2m > [22mrenders the textarea and submit button[33m 1308[2mms[22m[39m
[31m   ΓåÆ Unable to find an accessible element with the role "button" and name "Run Copilot"

Here are the accessible roles:

  paragraph:

  Name "":
  [36m<p[31m
    [33mclass[31m=[32m"text-sm font-semibold text-amber-800"[31m
  [36m/>[31m

  Name "":
  [36m<p[31m
    [33mclass[31m=[32m"mt-0.5 text-sm text-amber-700"[31m
  [36m/>[31m

  Name "":
  [36m<p[31m
    [33mclass[31m=[32m"font-heading text-[0.8125rem] font-bold tracking-wide text-foreground/70 uppercase"[31m
  [36m/>[31m

  Name "":
  [36m<p[31m
    [33mclass[31m=[32m"mt-1 text-sm leading-snug text-muted-foreground"[31m
  [36m/>[31m

  --------------------------------------------------
  button:

  Name "Settings":
  [36m<button[31m
    [33mclass[31m=[32m"font-semibold underline underline-offset-2 hover:text-amber-900"[31m
    [33mtype[31m=[32m"button"[31m
  [36m/>[31m

  Name "or browse for a PDF / image":
  [36m<button[31m
    [33mclass[31m=[32m"pointer-events-auto flex items-center gap-1.5 rounded-full border border-border/50 bg-white/90 px-3 py-1.5 text-[0.75rem] font-medium text-muted-foreground shadow-sm transition-all hover:border-[#00BCFF]/40 hover:text-foreground"[31m
    [33mtype[31m=[32m"button"[31m
  [36m/>[31m

  Name "Stop CopilotRun Copilot":
  [36m<button[31m
    [33mclass[31m=[32m"focus-ring group relative isolate h-13 w-[12rem] cursor-pointer overflow-hidden whitespace-nowrap rounded-xl px-9 text-base font-bold text-white transition-all duration-500 ease-in-out active:translate-y-[0.5px] focus-visible:outline-2 focus-visible:outline-offset-2 bg-[#10384F] shadow-[0_2px_8px_rgba(16,56,79,0.3)] hover:shadow-[0_4px_16px_rgba(16,56,79,0.35)] hover:translate-y-[-1px] focus-visible:outline-[#00BCFF]"[31m
    [33mtype[31m=[32m"submit"[31m
  [36m/>[31m

  Name "Rebuild Knowledge Base":
  [36m<button[31m
    [33mclass[31m=[32m"focus-ring h-13 cursor-pointer rounded-xl border border-border/70 bg-white px-6 text-[0.875rem] font-semibold text-foreground shadow-[0_1px_3px_rgba(16,56,79,0.06)] transition-all hover:border-[#00BCFF]/50 hover:shadow-[0_2px_8px_rgba(0,188,255,0.1)] active:scale-[0.98] disabled:pointer-events-none disabled:opacity-60"[31m
    [33mtype[31m=[32m"button"[31m
  [36m/>[31m

  Name "Settings":
  [36m<button[31m
    [33mclass[31m=[32m"focus-ring h-13 cursor-pointer rounded-xl border border-border/70 bg-white px-4 text-[0.875rem] font-semibold text-muted-foreground shadow-[0_1px_3px_rgba(16,56,79,0.06)] transition-all hover:border-[#00BCFF]/50 hover:text-foreground hover:shadow-[0_2px_8px_rgba(0,188,255,0.1)] active:scale-[0.98]"[31m
    [33mtitle[31m=[32m"Model settings"[31m
    [33mtype[31m=[32m"button"[31m
  [36m/>[31m

  Name "Week 12 overall AE summary":
  [36m<button[31m
    [33mclass[31m=[32m"focus-ring rounded-full border border-border/60 bg-white px-4 py-2 text-left text-[0.8125rem] font-medium text-foreground shadow-[0_1px_2px_rgba(16,56,79,0.06)] transition-all hover:border-[#00BCFF]/50 hover:shadow-[0_2px_8px_rgba(0,188,255,0.12)] active:scale-[0.98]"[31m
    [33mtype[31m=[32m"button"[31m
  [36m/>[31m

  Name "Week 12 SOC/PT safety table":
  [36m<button[31m
    [33mclass[31m=[32m"focus-ring rounded-full border border-border/60 bg-white px-4 py-2 text-left text-[0.8125rem] font-medium text-foreground shadow-[0_1px_2px_rgba(16,56,79,0.06)] transition-all hover:border-[#00BCFF]/50 hover:shadow-[0_2px_8px_rgba(0,188,255,0.12)] active:scale-[0.98]"[31m
    [33mtype[31m=[32m"button"[31m
  [36m/>[31m

  Name "AESI somnolence or fatigue follow-up":
  [36m<button[31m
    [33mclass[31m=[32m"focus-ring rounded-full border border-border/60 bg-white px-4 py-2 text-left text-[0.8125rem] font-medium text-foreground shadow-[0_1px_2px_rgba(16,56,79,0.06)] transition-all hover:border-[#00BCFF]/50 hover:shadow-[0_2px_8px_rgba(0,188,255,0.12)] active:scale-[0.98]"[31m
    [33mtype[31m=[32m"button"[31m
  [36m/>[31m

  Name "Week 26 EAIR request":
  [36m<button[31m
    [33mclass[31m=[32m"focus-ring rounded-full border border-border/60 bg-white px-4 py-2 text-left text-[0.8125rem] font-medium text-foreground shadow-[0_1px_2px_rgba(16,56,79,0.06)] transition-all hover:border-[#00BCFF]/50 hover:shadow-[0_2px_8px_rgba(0,188,255,0.12)] active:scale-[0.98]"[31m
    [33mtype[31m=[32m"button"[31m
  [36m/>[31m

  Name "Liver close observation follow-up":
  [36m<button[31m
    [33mclass[31m=[32m"focus-ring rounded-full border border-border/60 bg-white px-4 py-2 text-left text-[0.8125rem] font-medium text-foreground shadow-[0_1px_2px_rgba(16,56,79,0.06)] transition-all hover:border-[#00BCFF]/50 hover:shadow-[0_2px_8px_rgba(0,188,255,0.12)] active:scale-[0.98]"[31m
    [33mtype[31m=[32m"button"[31m
  [36m/>[31m

  Name "BMD by race figure":
  [36m<button[31m
    [33mclass[31m=[32m"focus-ring rounded-full border border-border/60 bg-white px-4 py-2 text-left text-[0.8125rem] font-medium text-foreground shadow-[0_1px_2px_rgba(16,56,79,0.06)] transition-all hover:border-[#00BCFF]/50 hover:shadow-[0_2px_8px_rgba(0,188,255,0.12)] active:scale-[0.98]"[31m
    [33mtype[31m=[32m"button"[31m
  [36m/>[31m

  --------------------------------------------------
  textbox:

  Name "":
  [36m<textarea[31m
    [33mclass[31m=[32m"focus-ring min-h-48 w-full resize-y rounded-xl border bg-white px-5 py-4 text-[0.9375rem] leading-relaxed text-foreground shadow-[0_1px_3px_rgba(16,56,79,0.04),0_4px_16px_-6px_rgba(16,56,79,0.06)] outline-none transition-all placeholder:text-muted-foreground/50 focus:border-[#00BCFF]/50 focus:shadow-[0_0_0_3px_rgba(0,188,255,0.08),0_1px_3px_rgba(16,56,79,0.04)] border-border/70"[31m
    [33mname[31m=[32m"question"[31m
    [33mplaceholder[31m=[32m"Type or paste questions here - you can also paste a screenshot, or drag & drop a PDF / imageΓÇª"[31m
  [36m/>[31m

  --------------------------------------------------
  complementary:

  Name "":
  [36m<aside[31m
    [33mclass[31m=[32m"space-y-4"[31m
  [36m/>[31m

  --------------------------------------------------

Ignored nodes: comments, script, style
[36m<body>[31m
  [36m<div>[31m
    [36m<form[31m
      [33mclass[31m=[32m"intake-shell"[31m
    [36m>[31m
      [36m<input[31m
        [33mname[31m=[32m"maxTokens"[31m
        [33mtype[31m=[32m"hidden"[31m
        [33mvalue[31m=[32m"64000"[31m
      [36m/>[31m
      [36m<input[31m
        [33mname[31m=[32m"temperature"[31m
        [33mtype[31m=[32m"hidden"[31m
        [33mvalue[31m=[32m"0.7"[31m
      [36m/>[31m
      [36m<input[31m
        [33mname[31m=[32m"mgaToken"[31m
        [33mtype[31m=[32m"hidden"[31m
        [33mvalue[31m=[32m""[31m
      [36m/>[31m
      [36m<input[31m
        [33maccept[31m=[32m".pdf,image/png,image/jpeg,image/webp"[31m
        [33mclass[31m=[32m"hidden"[31m
        [33mtype[31m=[32m"file"[31m
      [36m/>[31m
      [36m<div[31m
        [33mclass[31m=[32m"flex items-start gap-3 rounded-xl border border-amber-200 bg-amber-50 px-5 py-4 shadow-sm"[31m
      [36m>[31m
        [36m<svg[31m
          [33maria-hidden[31m=[32m"true"[31m
          [33mclass[31m=[32m"mt-0.5 h-5 w-5 shrink-0 text-amber-500"[31m
          [33mfill[31m=[32m"currentColor"[31m
          [33mviewBox[31m=[32m"0 0 20 20"[31m
        [36m>[31m
          [36m<path[31m
            [33mclip-rule[31m=[32m"evenodd"[31m
            [33md[31m=[32m"M8.485 2.495c.673-1.167 2.357-1.167 3.03 0l6.28 10.875c.673 1.167-.168 2.625-1.516 2.625H3.72c-1.347 0-2.189-1.458-1.515-2.625L8.485 2.495zM10 6a.75.75 0 01.75.75v3.5a.75.75 0 01-1.5 0v-3.5A.75.75 0 0110 6zm0 9a1 1 0 100-2 1 1 0 000 2z"[31m
            [33mfill-rule[31m=[32m"evenodd"[31m
          [36m/>[31m
        [36m</svg>[31m
        [36m<div>[31m
          [36m<p[31m
            [33mclass[31m=[32m"text-sm font-semibold text-amber-800"[31m
          [36m>[31m
            [0mMGA Token not configured[0m
          [36m</p>[31m
          [36m<p[31m
            [33mclass[31m=[32m"mt-0.5 text-sm text-amber-700"[31m
          [36m>[31m
            [0mThe copilot requires a myGenAssist token to call the AI API. Open[0m
            [0m [0m
            [36m<button[31m
              [33mclass[31m=[32m"font-semibold underline underline-offset-2 hover:text-amber-900"[31m
              [33mtype[31m=[32m"button"[31m
            [36m>[31m
              [0mSettings[0m
            [36m</button>[31m
            [0m [0m
            [0mand paste your token to get started.[0m
          [36m</p>[31m
        [36m</div>[31m
      [36m</div>[31m
      [36m<div[31m
        [33mclass[31m=[32m"grid gap-8 xl:grid-cols-2"[31m
      [36m>[31m
        [36m<div[31m
          [33mclass[31m=[32m"space-y-5"[31m
        [36m>[31m
          [36m<div[31m
            [33mclass[31m=[32m"relative"[31m
          [36m>[31m
            [36m<textarea[31m
              [33mclass[31m=[32m"focus-ring min-h-48 w-full resize-y rounded-xl border bg-white px-5 py-4 text-[0.9375rem] leading-relaxed text-foreground shadow-[0_1px_3px_rgba(16,56,79,0.04),0_4px_16px_-6px_rgba(16,56,79,0.06)] outline-none transition-all placeholder:text-muted-foreground/50 focus:border-[#00BCFF]/50 focus:shadow-[0_0_0_3px_rgba(0,188,255,0.08),0_1px_3px_rgba(16,56,79,0.04)] border-border/70"[31m
              [33mname[31m=[32m"question"[31m
              [33mplaceholder[31m=[32m"Type or paste questions here - you can also paste a screenshot, or drag & drop a PDF / imageΓÇª"[31m
            [36m/>[31m
            [36m<div[31m
              [33mclass[31m=[32m"pointer-events-none absolute bottom-3 left-0 right-0 flex justify-center"[31m
            [36m>[31m
              [36m<button[31m
                [33mclass[31m=[32m"pointer-events-auto flex items-center gap-1.5 rounded-full border border-border/50 bg-white/90 px-3 py-1.5 text-[0.75rem] font-medium text-muted-foreground shadow-sm transition-all hover:border-[#00BCFF]/40 hover:text-foreground"[31m
                [33mtype[31m=[32m"button"[31m
              [36m>[31m
                [36m<svg[31m
                  [33mclass[31m=[32m"h-3.5 w-3.5"[31m
                  [33mfill[31m=[32m"none"[31m
                  [33mstroke[31m=[32m"currentColor"[31m
                  [33mstroke-linecap[31m=[32m"round"[31m
                  [33mstroke-linejoin[31m=[32m"round"[31m
                  [33mstroke-width[31m=[32m"1.5"[31m
                  [33mviewBox[31m=[32m"0 0 16 16"[31m
                [36m>[31m
                  [36m<path[31m
                    [33md[31m=[32m"M8 10V2M8 2L5 5M8 2l3 3"[31m
                  [36m/>[31m
                  [36m<path[31m
                    [33md[31m=[32m"M2 10v2.5A1.5 1.5 0 003.5 14h9a1.5 1.5 0 001.5-1.5V10"[31m
                  [36m/>[31m
                [36m</svg>[31m
                [0mor browse for a PDF / image[0m
              [36m</button>[31m
            [36m</div>[31m
          [36m</div>[31m
          [36m<div[31m
            [33mclass[31m=[32m"flex flex-wrap items-center gap-3"[31m
          [36m>[31m
            [36m<button[31m
              [33mclass[31m=[32m"focus-ring group relative isolate h-13 w-[12rem] cursor-pointer overflow-hidden whitespace-nowrap rounded-xl px-9 text-base font-bold text-white transition-all duration-500 ease-in-out active:translate-y-[0.5px] focus-visible:outline-2 focus-visible:outline-offset-2 bg-[#10384F] shadow-[0_2px_8px_rgba(16,56,79,0.3)] hover:shadow-[0_4px_16px_rgba(16,56,79,0.35)] hover:translate-y-[-1px] focus-visible:outline-[#00BCFF]"[31m
              [33mtype[31m=[32m"submit"[31m
            [36m>[31m
              [36m<div[31m
                [33mclass[31m=[32m"absolute inset-0 overflow-visible -z-30 blur-[2px] [container-type:size] transition-opacity duration-500 opacity-100"[31m
              [36m>[31m
                [36m<div[31m
                  [33mclass[31m=[32m"animate-shimmer-slide absolute inset-0 h-[100cqh] [aspect-ratio:1] [border-radius:0] [mask:none]"[31m
                [36m>[31m
                  [36m<div[31m
                    [33mclass[31m=[32m"animate-spin-around absolute -inset-full w-auto rotate-0 [background:conic-gradient(from_calc(270deg-(90deg*0.5)),transparent_0,#00BCFF_90deg,transparent_90deg)] [translate:0_0]"[31m
                  [36m/>[31m
                [36m</div>[31m
              [36m</div>[31m
              [36m<div[31m
                [33mclass[31m=[32m"pointer-events-none absolute inset-0 rounded-xl shadow-[inset_0_-8px_10px_#ffffff1f] transition-opacity duration-500 opacity-100"[31m
              [36m/>[31m
              [36m<div[31m
                [33mclass[31m=[32m"pointer-events-none absolute -z-20 rounded-[0.75rem] [inset:0.05em] transition-colors duration-500 bg-[#10384F]"[31m
              [36m/>[31m
              [36m<span[31m
                [33mclass[31m=[32m"relative flex items-...[39m
 [32mΓ£ô[39m tests/components/copilot-header-and-form.test.tsx[2m > [22mquestion form[2m > [22mrenders all 6 demo prompt chips[32m 47[2mms[22m[39m
 [31m├ù[39m tests/server/copilot/logging.test.ts[2m > [22mcopilot logging[2m > [22mlogs completed runs when MGA succeeds[33m 2712[2mms[22m[39m
[31m   ΓåÆ [
  {
    "expected": "string",
    "code": "invalid_type",
    "path": [
      "responsePlan",
      "objective"
    ],
    "message": "Invalid input: expected string, received undefined"
  },
  {
    "expected": "string",
    "code": "invalid_type",
    "path": [
      "responsePlan",
      "recommendedApproach"
    ],
    "message": "Invalid input: expected string, received undefined"
  },
  {
    "expected": "array",
    "code": "invalid_type",
    "path": [
      "responsePlan",
      "recommendedDatasets"
    ],
    "message": "Invalid input: expected array, received undefined"
  },
  {
    "expected": "array",
    "code": "invalid_type",
    "path": [
      "responsePlan",
      "candidateOutputs"
    ],
    "message": "Invalid input: expected array, received undefined"
  },
  {
    "expected": "array",
    "code": "invalid_type",
    "path": [
      "responsePlan",
      "deliverables"
    ],
    "message": "Invalid input: expected array, received undefined"
  },
  {
    "expected": "array",
    "code": "invalid_type",
    "path": [
      "responsePlan",
      "responsibilities"
    ],
    "message": "Invalid input: expected array, received undefined"
  },
  {
    "expected": "array",
    "code": "invalid_type",
    "path": [
      "responsePlan",
      "citations"
    ],
    "message": "Invalid input: expected array, received undefined"
  }
][39m
 [32mΓ£ô[39m tests/server/copilot/logging.test.ts[2m > [22mcopilot logging[2m > [22mlogs rejected runs for the empty-question guard[32m 83[2mms[22m[39m
 [32mΓ£ô[39m tests/components/copilot-panels.test.tsx[2m > [22mcopilot panels[2m > [22mrenders interpretation, evidence, and response-plan content[32m 292[2mms[22m[39m
 [32mΓ£ô[39m tests/server/confidence.test.ts[2m > [22mcomputeConfidenceScore[2m > [22mreturns high confidence for a well-specified known request type with good evidence[32m 8[2mms[22m[39m
 [32mΓ£ô[39m tests/server/confidence.test.ts[2m > [22mcomputeConfidenceScore[2m > [22mreturns low confidence for unknown request type with no evidence[32m 2[2mms[22m[39m
 [32mΓ£ô[39m tests/server/confidence.test.ts[2m > [22mcomputeConfidenceScore[2m > [22mpenalizes missing population[32m 1[2mms[22m[39m
 [32mΓ£ô[39m tests/server/confidence.test.ts[2m > [22mcomputeConfidenceScore[2m > [22mpenalizes missing timepoints[32m 1[2mms[22m[39m
 [32mΓ£ô[39m tests/server/confidence.test.ts[2m > [22mcomputeConfidenceScore[2m > [22mcaps keyword-only relevance at 80[32m 1[2mms[22m[39m
 [32mΓ£ô[39m tests/server/confidence.test.ts[2m > [22mcomputeConfidenceScore[2m > [22mcomputes coverage from matched datasets and families[32m 1[2mms[22m[39m
 [32mΓ£ô[39m tests/server/confidence.test.ts[2m > [22mcomputeConfidenceScore[2m > [22massigns correct levels based on overall score[32m 1[2mms[22m[39m
[90mstdout[2m | tests/server/copilot/retrieve-evidence.test.ts[2m > [22m[2mretrieveEvidence[2m > [22m[2msurfaces the AE overall program for a week 12 AE summary interpretation
[22m[39m{
  reason: [32m'no-token'[39m,
  event: [32m'mga.embeddings.skipped'[39m,
  timestamp: [32m'2026-03-21T18:03:37.523Z'[39m
}

 [32mΓ£ô[39m tests/server/copilot/retrieve-evidence.test.ts[2m > [22mretrieveEvidence[2m > [22msurfaces the AE overall program for a week 12 AE summary interpretation[33m 585[2mms[22m[39m
 [32mΓ£ô[39m tests/copilot/demo-prompts.test.ts[2m > [22mdemoPrompts[2m > [22mcovers the supported MVP request families[32m 7[2mms[22m[39m
 [32mΓ£ô[39m tests/copilot/demo-prompts.test.ts[2m > [22mdemoPrompts[2m > [22mkeeps every prompt display-ready[32m 2[2mms[22m[39m
[90mstdout[2m | tests/server/copilot/retrieve-evidence.test.ts[2m > [22m[2mretrieveEvidence[2m > [22m[2msurfaces AESI programs for an AESI interpretation
[22m[39m{
  reason: [32m'no-token'[39m,
  event: [32m'mga.embeddings.skipped'[39m,
  timestamp: [32m'2026-03-21T18:03:37.584Z'[39m
}

[90mstdout[2m | tests/server/copilot/retrieve-evidence.test.ts[2m > [22m[2mretrieveEvidence[2m > [22m[2msurfaces liver/CLO programs for a liver follow-up interpretation
[22m[39m{
  reason: [32m'no-token'[39m,
  event: [32m'mga.embeddings.skipped'[39m,
  timestamp: [32m'2026-03-21T18:03:37.635Z'[39m
}

 [32mΓ£ô[39m tests/server/copilot/retrieve-evidence.test.ts[2m > [22mretrieveEvidence[2m > [22msurfaces AESI programs for an AESI interpretation[32m 51[2mms[22m[39m
 [32mΓ£ô[39m tests/server/copilot/retrieve-evidence.test.ts[2m > [22mretrieveEvidence[2m > [22msurfaces liver/CLO programs for a liver follow-up interpretation[32m 59[2mms[22m[39m
[90mstdout[2m | tests/server/copilot/retrieve-evidence.test.ts[2m > [22m[2mretrieveEvidence[2m > [22m[2msurfaces the BMD box plot program for a BMD interpretation
[22m[39m{
  reason: [32m'no-token'[39m,
  event: [32m'mga.embeddings.skipped'[39m,
  timestamp: [32m'2026-03-21T18:03:37.693Z'[39m
}

 [32mΓ£ô[39m tests/server/copilot/retrieve-evidence.test.ts[2m > [22mretrieveEvidence[2m > [22msurfaces the BMD box plot program for a BMD interpretation[32m 46[2mms[22m[39m
 [32mΓ£ô[39m tests/server/run-copilot-action-module.test.ts[2m > [22mrun-copilot server action module[2m > [22mdoes not export non-async runtime values from the use server file[32m 6[2mms[22m[39m

[2m Test Files [22m [1m[31m5 failed[39m[22m[2m | [22m[1m[32m9 passed[39m[22m[90m (14)[39m
[2m      Tests [22m [1m[31m10 failed[39m[22m[2m | [22m[1m[32m39 passed[39m[22m[90m (49)[39m
[2m   Start at [22m 14:03:16
[2m   Duration [22m 21.99s[2m (transform 18.71s, setup 24.54s, import 16.74s, tests 36.15s, environment 11.58s)[22m

